// Jest Snapshot v1, https://goo.gl/fbAQLP

exports[`Tags component renders some items correctly 1`] = `
<Component
  tags={
    Array [
      "@tag",
      "@tag2",
      "@tag3",
    ]
  }
>
  <List>
    <ul
      className="md-list"
    >
      <ListItem
        activeClassName="md-text--theme-primary"
        component={[Function]}
        expanderIconChildren="keyboard_arrow_down"
        primaryText="@tag"
        to="/tag/@tag"
      >
        <li
          className="md-list-item"
        >
          <AccessibleFakeButtonInked
            __SUPER_SECRET_REF__={[Function]}
            aria-expanded={null}
            className="md-list-tile md-text"
            component={[Function]}
            inkTransitionEnterTimeout={450}
            inkTransitionLeaveTimeout={300}
            inkTransitionOverlap={150}
            onClick={[Function]}
            onKeyDown={[Function]}
            onKeyUp={[Function]}
            onMouseLeave={[Function]}
            onMouseOver={[Function]}
            onTouchEnd={[Function]}
            onTouchStart={[Function]}
            to="/tag/@tag"
          >
            <AccessibleFakeButton
              aria-expanded={null}
              className="md-list-tile md-text"
              component={[Function]}
              ink={
                <InkContainer
                  className={undefined}
                  disabledInteractions={undefined}
                  inkClassName={undefined}
                  inkStyle={undefined}
                  style={undefined}
                  transitionEnterTimeout={450}
                  transitionLeaveTimeout={300}
                  transitionOverlap={150}
                  waitForInkTransition={undefined}
                />
              }
              onClick={[Function]}
              onKeyDown={[Function]}
              onKeyUp={[Function]}
              onMouseLeave={[Function]}
              onMouseOver={[Function]}
              onTouchEnd={[Function]}
              onTouchStart={[Function]}
              role="button"
              tabIndex={0}
              to="/tag/@tag"
            >
              <Link
                aria-expanded={null}
                aria-pressed={false}
                className="md-fake-btn md-pointer--hover md-list-tile md-text"
                onBlur={[Function]}
                onClick={[Function]}
                onKeyDown={[Function]}
                onKeyUp={[Function]}
                onMouseLeave={[Function]}
                onMouseOver={[Function]}
                onTouchEnd={[Function]}
                onTouchStart={[Function]}
                onlyActiveOnIndex={false}
                role="button"
                style={Object {}}
                tabIndex={0}
                to="/tag/@tag"
              >
                <a
                  aria-expanded={null}
                  aria-pressed={false}
                  className="md-fake-btn md-pointer--hover md-list-tile md-text"
                  onBlur={[Function]}
                  onClick={[Function]}
                  onKeyDown={[Function]}
                  onKeyUp={[Function]}
                  onMouseLeave={[Function]}
                  onMouseOver={[Function]}
                  onTouchEnd={[Function]}
                  onTouchStart={[Function]}
                  role="button"
                  style={Object {}}
                  tabIndex={0}
                >
                  <InkContainer
                    transitionEnterTimeout={450}
                    transitionLeaveTimeout={300}
                    transitionOverlap={150}
                  >
                    <ReactTransitionGroup
                      childFactory={[Function]}
                      className="md-ink-container"
                      component="div"
                    >
                      <div
                        className="md-ink-container"
                      />
                    </ReactTransitionGroup>
                  </InkContainer>
                  <TileAddon
                    activeClassName="md-text--theme-primary"
                  />
                  <ListItemText
                    activeClassName="md-text--theme-primary"
                    className=""
                    primaryText="@tag"
                  >
                    <div
                      className="md-tile-content"
                    >
                      <div
                        className="md-tile-text--primary md-text"
                      >
                        @tag
                      </div>
                    </div>
                  </ListItemText>
                  <TileAddon
                    activeClassName="md-text--theme-primary"
                  />
                </a>
              </Link>
            </AccessibleFakeButton>
          </AccessibleFakeButtonInked>
        </li>
      </ListItem>
      <ListItem
        activeClassName="md-text--theme-primary"
        component={[Function]}
        expanderIconChildren="keyboard_arrow_down"
        primaryText="@tag2"
        to="/tag/@tag2"
      >
        <li
          className="md-list-item"
        >
          <AccessibleFakeButtonInked
            __SUPER_SECRET_REF__={[Function]}
            aria-expanded={null}
            className="md-list-tile md-text"
            component={[Function]}
            inkTransitionEnterTimeout={450}
            inkTransitionLeaveTimeout={300}
            inkTransitionOverlap={150}
            onClick={[Function]}
            onKeyDown={[Function]}
            onKeyUp={[Function]}
            onMouseLeave={[Function]}
            onMouseOver={[Function]}
            onTouchEnd={[Function]}
            onTouchStart={[Function]}
            to="/tag/@tag2"
          >
            <AccessibleFakeButton
              aria-expanded={null}
              className="md-list-tile md-text"
              component={[Function]}
              ink={
                <InkContainer
                  className={undefined}
                  disabledInteractions={undefined}
                  inkClassName={undefined}
                  inkStyle={undefined}
                  style={undefined}
                  transitionEnterTimeout={450}
                  transitionLeaveTimeout={300}
                  transitionOverlap={150}
                  waitForInkTransition={undefined}
                />
              }
              onClick={[Function]}
              onKeyDown={[Function]}
              onKeyUp={[Function]}
              onMouseLeave={[Function]}
              onMouseOver={[Function]}
              onTouchEnd={[Function]}
              onTouchStart={[Function]}
              role="button"
              tabIndex={0}
              to="/tag/@tag2"
            >
              <Link
                aria-expanded={null}
                aria-pressed={false}
                className="md-fake-btn md-pointer--hover md-list-tile md-text"
                onBlur={[Function]}
                onClick={[Function]}
                onKeyDown={[Function]}
                onKeyUp={[Function]}
                onMouseLeave={[Function]}
                onMouseOver={[Function]}
                onTouchEnd={[Function]}
                onTouchStart={[Function]}
                onlyActiveOnIndex={false}
                role="button"
                style={Object {}}
                tabIndex={0}
                to="/tag/@tag2"
              >
                <a
                  aria-expanded={null}
                  aria-pressed={false}
                  className="md-fake-btn md-pointer--hover md-list-tile md-text"
                  onBlur={[Function]}
                  onClick={[Function]}
                  onKeyDown={[Function]}
                  onKeyUp={[Function]}
                  onMouseLeave={[Function]}
                  onMouseOver={[Function]}
                  onTouchEnd={[Function]}
                  onTouchStart={[Function]}
                  role="button"
                  style={Object {}}
                  tabIndex={0}
                >
                  <InkContainer
                    transitionEnterTimeout={450}
                    transitionLeaveTimeout={300}
                    transitionOverlap={150}
                  >
                    <ReactTransitionGroup
                      childFactory={[Function]}
                      className="md-ink-container"
                      component="div"
                    >
                      <div
                        className="md-ink-container"
                      />
                    </ReactTransitionGroup>
                  </InkContainer>
                  <TileAddon
                    activeClassName="md-text--theme-primary"
                  />
                  <ListItemText
                    activeClassName="md-text--theme-primary"
                    className=""
                    primaryText="@tag2"
                  >
                    <div
                      className="md-tile-content"
                    >
                      <div
                        className="md-tile-text--primary md-text"
                      >
                        @tag2
                      </div>
                    </div>
                  </ListItemText>
                  <TileAddon
                    activeClassName="md-text--theme-primary"
                  />
                </a>
              </Link>
            </AccessibleFakeButton>
          </AccessibleFakeButtonInked>
        </li>
      </ListItem>
      <ListItem
        activeClassName="md-text--theme-primary"
        component={[Function]}
        expanderIconChildren="keyboard_arrow_down"
        primaryText="@tag3"
        to="/tag/@tag3"
      >
        <li
          className="md-list-item"
        >
          <AccessibleFakeButtonInked
            __SUPER_SECRET_REF__={[Function]}
            aria-expanded={null}
            className="md-list-tile md-text"
            component={[Function]}
            inkTransitionEnterTimeout={450}
            inkTransitionLeaveTimeout={300}
            inkTransitionOverlap={150}
            onClick={[Function]}
            onKeyDown={[Function]}
            onKeyUp={[Function]}
            onMouseLeave={[Function]}
            onMouseOver={[Function]}
            onTouchEnd={[Function]}
            onTouchStart={[Function]}
            to="/tag/@tag3"
          >
            <AccessibleFakeButton
              aria-expanded={null}
              className="md-list-tile md-text"
              component={[Function]}
              ink={
                <InkContainer
                  className={undefined}
                  disabledInteractions={undefined}
                  inkClassName={undefined}
                  inkStyle={undefined}
                  style={undefined}
                  transitionEnterTimeout={450}
                  transitionLeaveTimeout={300}
                  transitionOverlap={150}
                  waitForInkTransition={undefined}
                />
              }
              onClick={[Function]}
              onKeyDown={[Function]}
              onKeyUp={[Function]}
              onMouseLeave={[Function]}
              onMouseOver={[Function]}
              onTouchEnd={[Function]}
              onTouchStart={[Function]}
              role="button"
              tabIndex={0}
              to="/tag/@tag3"
            >
              <Link
                aria-expanded={null}
                aria-pressed={false}
                className="md-fake-btn md-pointer--hover md-list-tile md-text"
                onBlur={[Function]}
                onClick={[Function]}
                onKeyDown={[Function]}
                onKeyUp={[Function]}
                onMouseLeave={[Function]}
                onMouseOver={[Function]}
                onTouchEnd={[Function]}
                onTouchStart={[Function]}
                onlyActiveOnIndex={false}
                role="button"
                style={Object {}}
                tabIndex={0}
                to="/tag/@tag3"
              >
                <a
                  aria-expanded={null}
                  aria-pressed={false}
                  className="md-fake-btn md-pointer--hover md-list-tile md-text"
                  onBlur={[Function]}
                  onClick={[Function]}
                  onKeyDown={[Function]}
                  onKeyUp={[Function]}
                  onMouseLeave={[Function]}
                  onMouseOver={[Function]}
                  onTouchEnd={[Function]}
                  onTouchStart={[Function]}
                  role="button"
                  style={Object {}}
                  tabIndex={0}
                >
                  <InkContainer
                    transitionEnterTimeout={450}
                    transitionLeaveTimeout={300}
                    transitionOverlap={150}
                  >
                    <ReactTransitionGroup
                      childFactory={[Function]}
                      className="md-ink-container"
                      component="div"
                    >
                      <div
                        className="md-ink-container"
                      />
                    </ReactTransitionGroup>
                  </InkContainer>
                  <TileAddon
                    activeClassName="md-text--theme-primary"
                  />
                  <ListItemText
                    activeClassName="md-text--theme-primary"
                    className=""
                    primaryText="@tag3"
                  >
                    <div
                      className="md-tile-content"
                    >
                      <div
                        className="md-tile-text--primary md-text"
                      >
                        @tag3
                      </div>
                    </div>
                  </ListItemText>
                  <TileAddon
                    activeClassName="md-text--theme-primary"
                  />
                </a>
              </Link>
            </AccessibleFakeButton>
          </AccessibleFakeButtonInked>
        </li>
      </ListItem>
    </ul>
  </List>
</Component>
`;
