exports[`ItemList component renders an item correctly 1`] = `
<Component
  items={
    Array [
      Object {
        "__typename": "Task",
        "isCompleted": false,
        "name": "Task",
      },
    ]
  }>
  <List>
    <ul
      className="md-list">
      <Component
        item={
          Object {
            "__typename": "Task",
            "isCompleted": false,
            "name": "Task",
          }
        }
        onDelete={[Function]}>
        <ListItem
          activeClassName="md-text--theme-primary"
          component="div"
          expanderIconChildren="keyboard_arrow_down"
          leftAvatar={
            <Avatar
              icon={
                <FontIcon
                  iconClassName="material-icons"
                  style={
                    Object {
                      "color": undefined,
                    }
                  }>
                  done
                </FontIcon>
              }
              onClick={undefined}
              suffixes={
                Array [
                  "red",
                  "pink",
                  "purple",
                  "deep-purple",
                  "indigo",
                  "blue",
                  "light-blue",
                  "cyan",
                  "teal",
                  "green",
                  "light-green",
                  "lime",
                  "yellow",
                  "amber",
                  "orange",
                  "deep-orange",
                  "brown",
                  "grey",
                  "blue-grey",
                ]
              } />
          }
          primaryText="Task"
          threeLines={true}>
          <li
            className="md-list-item">
            <AccessibleFakeButtonInked
              __SUPER_SECRET_REF__={[Function]}
              aria-expanded={null}
              className="md-list-tile md-text md-list-tile--avatar"
              component="div"
              inkTransitionEnterTimeout={450}
              inkTransitionLeaveTimeout={300}
              inkTransitionOverlap={150}
              onClick={[Function]}
              onKeyDown={[Function]}
              onKeyUp={[Function]}
              onMouseLeave={[Function]}
              onMouseOver={[Function]}
              onTouchEnd={[Function]}
              onTouchStart={[Function]}>
              <AccessibleFakeButton
                aria-expanded={null}
                className="md-list-tile md-text md-list-tile--avatar"
                component="div"
                ink={
                  <InkContainer
                    className={undefined}
                    disabledInteractions={undefined}
                    inkClassName={undefined}
                    inkStyle={undefined}
                    style={undefined}
                    transitionEnterTimeout={450}
                    transitionLeaveTimeout={300}
                    transitionOverlap={150}
                    waitForInkTransition={undefined} />
                }
                onClick={[Function]}
                onKeyDown={[Function]}
                onKeyUp={[Function]}
                onMouseLeave={[Function]}
                onMouseOver={[Function]}
                onTouchEnd={[Function]}
                onTouchStart={[Function]}
                role="button"
                tabIndex={0}>
                <div
                  aria-expanded={null}
                  aria-pressed={false}
                  className="md-fake-btn md-pointer--hover md-list-tile md-text md-list-tile--avatar"
                  onBlur={[Function]}
                  onClick={[Function]}
                  onKeyDown={[Function]}
                  onKeyUp={[Function]}
                  onMouseLeave={[Function]}
                  onMouseOver={[Function]}
                  onTouchEnd={[Function]}
                  onTouchStart={[Function]}
                  role="button"
                  tabIndex={0}>
                  <InkContainer
                    transitionEnterTimeout={450}
                    transitionLeaveTimeout={300}
                    transitionOverlap={150}>
                    <ReactTransitionGroup
                      childFactory={[Function]}
                      className="md-ink-container"
                      component="div">
                      <div
                        className="md-ink-container" />
                    </ReactTransitionGroup>
                  </InkContainer>
                  <TileAddon
                    activeClassName="md-text--theme-primary"
                    avatar={
                      <Avatar
                        icon={
                          <FontIcon
                            iconClassName="material-icons"
                            style={
                              Object {
                                "color": undefined,
                              }
                            }>
                            done
                          </FontIcon>
                        }
                        onClick={undefined}
                        suffixes={
                          Array [
                            "red",
                            "pink",
                            "purple",
                            "deep-purple",
                            "indigo",
                            "blue",
                            "light-blue",
                            "cyan",
                            "teal",
                            "green",
                            "light-green",
                            "lime",
                            "yellow",
                            "amber",
                            "orange",
                            "deep-orange",
                            "brown",
                            "grey",
                            "blue-grey",
                          ]
                        } />
                    }>
                    <div
                      className="md-tile-addon md-tile-addon--avatar">
                      <Avatar
                        icon={
                          <FontIcon
                            iconClassName="material-icons"
                            style={
                              Object {
                                "color": undefined,
                              }
                            }>
                            done
                          </FontIcon>
                        }
                        suffixes={
                          Array [
                            "red",
                            "pink",
                            "purple",
                            "deep-purple",
                            "indigo",
                            "blue",
                            "light-blue",
                            "cyan",
                            "teal",
                            "green",
                            "light-green",
                            "lime",
                            "yellow",
                            "amber",
                            "orange",
                            "deep-orange",
                            "brown",
                            "grey",
                            "blue-grey",
                          ]
                        }>
                        <div
                          className="md-inline-block md-avatar md-avatar--default">
                          <div
                            className="md-avatar-content">
                            <FontIcon
                              iconClassName="material-icons"
                              style={
                                Object {
                                  "color": undefined,
                                }
                              }>
                              <i
                                className="md-icon material-icons"
                                style={
                                  Object {
                                    "color": undefined,
                                  }
                                }>
                                done
                              </i>
                            </FontIcon>
                          </div>
                        </div>
                      </Avatar>
                    </div>
                  </TileAddon>
                  <ListItemText
                    activeClassName="md-text--theme-primary"
                    className="md-tile-content--left-avatar"
                    primaryText="Task"
                    threeLines={true}>
                    <div
                      className="md-tile-content md-tile-content--left-avatar">
                      <div
                        className="md-tile-text--primary md-text">
                        Task
                      </div>
                    </div>
                  </ListItemText>
                  <TileAddon
                    activeClassName="md-text--theme-primary" />
                </div>
              </AccessibleFakeButton>
            </AccessibleFakeButtonInked>
          </li>
        </ListItem>
      </Component>
    </ul>
  </List>
</Component>
`;
