exports[`UpdateItemDialog component renders correctly 1`] = `
<Component
  itemToMove="item1"
  itemTree={
    Object {
      "_id": "root",
      "children": Array [
        Object {
          "_id": "item1",
          "children": Array [],
          "isProject": true,
          "name": "Some Project",
        },
        Object {
          "_id": "item2",
          "children": Array [],
          "isProject": true,
          "name": "Some Other Project",
        },
        null,
        Object {
          "_id": "item3",
          "isCompleted": false,
          "isProject": false,
          "name": "Some Task",
          "tags": Array [],
        },
      ],
      "isProject": true,
    }
  }>
  <div>
    <List>
      <ul
        className="md-list">
        <ListItem
          activeClassName="md-text--theme-primary"
          component="div"
          expanderIconChildren=""
          isOpen={true}
          nestedItems={
            Array [
              null,
              <ListItem
                activeClassName="md-text--theme-primary"
                component="div"
                expanderIconChildren=""
                isOpen={true}
                nestedItems={Array []}
                onClick={[Function]}
                primaryText="Some Other Project" />,
              null,
              null,
            ]
          }
          onClick={[Function]}
          primaryText="Projects">
          <li
            className="md-list-item md-list-item--nested-container">
            <AccessibleFakeButtonInked
              __SUPER_SECRET_REF__={[Function]}
              aria-expanded={true}
              className="md-list-tile md-text"
              component="div"
              inkTransitionEnterTimeout={450}
              inkTransitionLeaveTimeout={300}
              inkTransitionOverlap={150}
              onClick={[Function]}
              onKeyDown={[Function]}
              onKeyUp={[Function]}
              onMouseLeave={[Function]}
              onMouseOver={[Function]}
              onTouchEnd={[Function]}
              onTouchStart={[Function]}>
              <AccessibleFakeButton
                aria-expanded={true}
                className="md-list-tile md-text"
                component="div"
                ink={
                  <InkContainer
                    className={undefined}
                    disabledInteractions={undefined}
                    inkClassName={undefined}
                    inkStyle={undefined}
                    style={undefined}
                    transitionEnterTimeout={450}
                    transitionLeaveTimeout={300}
                    transitionOverlap={150}
                    waitForInkTransition={undefined} />
                }
                onClick={[Function]}
                onKeyDown={[Function]}
                onKeyUp={[Function]}
                onMouseLeave={[Function]}
                onMouseOver={[Function]}
                onTouchEnd={[Function]}
                onTouchStart={[Function]}
                role="button"
                tabIndex={0}>
                <div
                  aria-expanded={true}
                  aria-pressed={false}
                  className="md-fake-btn md-pointer--hover md-list-tile md-text"
                  onBlur={[Function]}
                  onClick={[Function]}
                  onKeyDown={[Function]}
                  onKeyUp={[Function]}
                  onMouseLeave={[Function]}
                  onMouseOver={[Function]}
                  onTouchEnd={[Function]}
                  onTouchStart={[Function]}
                  role="button"
                  tabIndex={0}>
                  <InkContainer
                    transitionEnterTimeout={450}
                    transitionLeaveTimeout={300}
                    transitionOverlap={150}>
                    <ReactTransitionGroup
                      childFactory={[Function]}
                      className="md-ink-container"
                      component="div">
                      <div
                        className="md-ink-container" />
                    </ReactTransitionGroup>
                  </InkContainer>
                  <TileAddon
                    activeClassName="md-text--theme-primary" />
                  <ListItemText
                    activeClassName="md-text--theme-primary"
                    className=""
                    primaryText="Projects">
                    <div
                      className="md-tile-content">
                      <div
                        className="md-tile-text--primary md-text">
                        Projects
                      </div>
                    </div>
                  </ListItemText>
                  <TileAddon
                    avatar={null}
                    icon={
                      <Collapser
                        flipped={true}
                        iconClassName={undefined} />
                    }>
                    <div
                      className="md-tile-addon md-tile-addon--icon">
                      <Collapser
                        flipped={true}>
                        <FontIcon
                          className="md-collapser md-collapser--flipped"
                          iconClassName="material-icons">
                          <i
                            className="md-icon material-icons md-collapser md-collapser--flipped" />
                        </FontIcon>
                      </Collapser>
                    </div>
                  </TileAddon>
                </div>
              </AccessibleFakeButton>
            </AccessibleFakeButtonInked>
            <Collapse
              collapsed={false}
              springConfig={
                Object {
                  "precision": 0.5,
                }
              }>
              <Motion
                defaultStyle={
                  Object {
                    "height": undefined,
                    "paddingBottom": NaN,
                    "paddingTop": NaN,
                  }
                }
                style={
                  Object {
                    "height": NaN,
                    "paddingBottom": NaN,
                    "paddingTop": NaN,
                  }
                }>
                <List>
                  <ul
                    className="md-list md-list--nested-1">
                    <ListItem
                      activeClassName="md-text--theme-primary"
                      component="div"
                      expanderIconChildren=""
                      isOpen={true}
                      nestedItems={Array []}
                      onClick={[Function]}
                      primaryText="Some Other Project">
                      <li
                        className="md-list-item md-list-item--nested-container">
                        <AccessibleFakeButtonInked
                          __SUPER_SECRET_REF__={[Function]}
                          aria-expanded={true}
                          className="md-list-tile md-text"
                          component="div"
                          inkTransitionEnterTimeout={450}
                          inkTransitionLeaveTimeout={300}
                          inkTransitionOverlap={150}
                          onClick={[Function]}
                          onKeyDown={[Function]}
                          onKeyUp={[Function]}
                          onMouseLeave={[Function]}
                          onMouseOver={[Function]}
                          onTouchEnd={[Function]}
                          onTouchStart={[Function]}>
                          <AccessibleFakeButton
                            aria-expanded={true}
                            className="md-list-tile md-text"
                            component="div"
                            ink={
                              <InkContainer
                                className={undefined}
                                disabledInteractions={undefined}
                                inkClassName={undefined}
                                inkStyle={undefined}
                                style={undefined}
                                transitionEnterTimeout={450}
                                transitionLeaveTimeout={300}
                                transitionOverlap={150}
                                waitForInkTransition={undefined} />
                            }
                            onClick={[Function]}
                            onKeyDown={[Function]}
                            onKeyUp={[Function]}
                            onMouseLeave={[Function]}
                            onMouseOver={[Function]}
                            onTouchEnd={[Function]}
                            onTouchStart={[Function]}
                            role="button"
                            tabIndex={0}>
                            <div
                              aria-expanded={true}
                              aria-pressed={false}
                              className="md-fake-btn md-pointer--hover md-list-tile md-text"
                              onBlur={[Function]}
                              onClick={[Function]}
                              onKeyDown={[Function]}
                              onKeyUp={[Function]}
                              onMouseLeave={[Function]}
                              onMouseOver={[Function]}
                              onTouchEnd={[Function]}
                              onTouchStart={[Function]}
                              role="button"
                              tabIndex={0}>
                              <InkContainer
                                transitionEnterTimeout={450}
                                transitionLeaveTimeout={300}
                                transitionOverlap={150}>
                                <ReactTransitionGroup
                                  childFactory={[Function]}
                                  className="md-ink-container"
                                  component="div">
                                  <div
                                    className="md-ink-container" />
                                </ReactTransitionGroup>
                              </InkContainer>
                              <TileAddon
                                activeClassName="md-text--theme-primary" />
                              <ListItemText
                                activeClassName="md-text--theme-primary"
                                className=""
                                primaryText="Some Other Project">
                                <div
                                  className="md-tile-content">
                                  <div
                                    className="md-tile-text--primary md-text">
                                    Some Other Project
                                  </div>
                                </div>
                              </ListItemText>
                              <TileAddon
                                avatar={null}
                                icon={
                                  <Collapser
                                    flipped={true}
                                    iconClassName={undefined} />
                                }>
                                <div
                                  className="md-tile-addon md-tile-addon--icon">
                                  <Collapser
                                    flipped={true}>
                                    <FontIcon
                                      className="md-collapser md-collapser--flipped"
                                      iconClassName="material-icons">
                                      <i
                                        className="md-icon material-icons md-collapser md-collapser--flipped" />
                                    </FontIcon>
                                  </Collapser>
                                </div>
                              </TileAddon>
                            </div>
                          </AccessibleFakeButton>
                        </AccessibleFakeButtonInked>
                        <Collapse
                          collapsed={false}
                          springConfig={
                            Object {
                              "precision": 0.5,
                            }
                          }>
                          <Motion
                            defaultStyle={
                              Object {
                                "height": undefined,
                                "paddingBottom": NaN,
                                "paddingTop": NaN,
                              }
                            }
                            style={
                              Object {
                                "height": NaN,
                                "paddingBottom": NaN,
                                "paddingTop": NaN,
                              }
                            }>
                            <List>
                              <ul
                                className="md-list md-list--nested-2" />
                            </List>
                          </Motion>
                        </Collapse>
                      </li>
                    </ListItem>
                  </ul>
                </List>
              </Motion>
            </Collapse>
          </li>
        </ListItem>
      </ul>
    </List>
  </div>
</Component>
`;
